// Jest Snapshot v1, https://goo.gl/fbAQLP

exports[`snapshot testing-sum 1`] = `9`;

exports[`snapshot testing-sum 2`] = `7`;

exports[`snapshot testing-sum 3`] = `4`;

exports[`snapshot testing-sum 4`] = `9`;

exports[`snapshot testing-sum 5`] = `5`;
